 *** L702 STAND-ALONE TEST ***
 NATOMS= 8
          .085927683        .075005413        .069844103
          .094731527        .077033132        .004603383
          .013825736        .043699929       -.053109254
          .012621222       -.062639375        .044859785
         -.003072764       -.080682537       -.009283855
         -.024225736       -.059353569       -.056068510
         -.074558185        .015777586        .044422163
         -.105249483       -.008840579       -.045267815
 TWLDRV:  FMTGEN WAS CALLED     85685 TIMES.
