 ::::::::::::::::::::::::::::::::::::::::::::::::
 ::SIMULATION OF ISOTROPIC, DECAYING TURBULENCE::
 ::::::::::::::::::::::::::::::::::::::::::::::::


      NX      NY      NZ
      64      64      64

    ISTART       NSTEPS    NAVG      NOUT      IALIAS     ITEST
         0        11        10         1         0         1

    REY       XNU       DT   
 100.00000    .01000    .00200

 INITIAL VELOCITY IS A TAYLOR-GREEN VORTEX
ISTEP=   0  TIME=   .0000

 EU,EV,EW    =   .625000000000E-01   .625000000000E-01   .000000000000E+00
 EOX,EOY,EOZ =   .625000000000E-01   .625000000000E-01   .250000000000E+00
ISTEP=   1  TIME=   .0020

 EU,EV,EW    =   .624925082612E-01   .624925082612E-01   .156225003000E-07
 EOX,EOY,EOZ =   .624926254300E-01   .624926254300E-01   .249970001800E+00
ISTEP=   2  TIME=   .0040

 EU,EV,EW    =   .624849705524E-01   .624849705524E-01   .624651006823E-07
 EOX,EOY,EOZ =   .624854390410E-01   .624854390410E-01   .249939757280E+00
ISTEP=   3  TIME=   .0060

 EU,EV,EW    =   .624774493857E-01   .624774493857E-01   .140512172452E-06
 EOX,EOY,EOZ =   .624785032284E-01   .624785032284E-01   .249909516521E+00
ISTEP=   4  TIME=   .0080

 EU,EV,EW    =   .624698822596E-01   .624698822596E-01   .249719639172E-06
 EOX,EOY,EOZ =   .624717551627E-01   .624717551627E-01   .249879029611E+00
ISTEP=   5  TIME=   .0100

 EU,EV,EW    =   .624623316921E-01   .624623316921E-01   .390084991743E-06
 EOX,EOY,EOZ =   .624652573427E-01   .624652573427E-01   .249848546626E+00
ISTEP=   6  TIME=   .0120

 EU,EV,EW    =   .624547351769E-01   .624547351769E-01   .561551328264E-06
 EOX,EOY,EOZ =   .624589468415E-01   .624589468415E-01   .249817817667E+00
ISTEP=   7  TIME=   .0140

 EU,EV,EW    =   .624471552364E-01   .624471552364E-01   .764127911828E-06
 EOX,EOY,EOZ =   .624528862483E-01   .624528862483E-01   .249787092799E+00
ISTEP=   8  TIME=   .0160

 EU,EV,EW    =   .624395293607E-01   .624395293607E-01   .997746362297E-06
 EOX,EOY,EOZ =   .624470125518E-01   .624470125518E-01   .249756122144E+00
ISTEP=   9  TIME=   .0180

 EU,EV,EW    =   .624319045872E-01   .624319045872E-01   .126239922912E-05
 EOX,EOY,EOZ =   .624413727308E-01   .624413727308E-01   .249725093861E+00
ISTEP=  10  TIME=   .0200

 EU,EV,EW    =   .624242648740E-01   .624242648740E-01   .155808881559E-05
 EOX,EOY,EOZ =   .624359507677E-01   .624359507677E-01   .249693943792E+00


 TOTAL NUMBER OF TRANSPOSES PERFORMED =    1198080
